// Jest Snapshot v1, https://goo.gl/fbAQLP

exports[`matches snapshot 1`] = `
<DocumentFragment>
  <div>
    <form>
      <input
        name="width"
        placeholder="Width"
        type="text"
        value=""
      />
      <input
        name="height"
        placeholder="Height"
        type="text"
        value=""
      />
      <input
        name="backgroundColor"
        placeholder="background Color"
        type="text"
        value=""
      />
      <button>
        Make Box
      </button>
    </form>
  </div>
</DocumentFragment>
`;
