// Jest Snapshot v1, https://goo.gl/fbAQLP

exports[`matches snapshot 1`] = `
<DocumentFragment>
  <div
    class="todoList"
  >
    <form>
      <input
        name="todo"
        placeholder="Enter Task"
        type="text"
        value=""
      />
      <button>
        Add todo
      </button>
    </form>
  </div>
  <div
    class="todoList"
  >
    <div
      class="todo"
    >
      <h3>
        feed Dog
      </h3>
      <button>
        X
      </button>
    </div>
    <div
      class="todo"
    >
      <h3>
        brush cat
      </h3>
      <button>
        X
      </button>
    </div>
  </div>
</DocumentFragment>
`;
